// Jest Snapshot v1, https://goo.gl/fbAQLP

exports[`Activity UI : testing if sections are available show expandable cell or otherwise stop expandable Test result :If sections are available show expandable list 1`] = `null`;
