// Jest Snapshot v1, https://goo.gl/fbAQLP

exports[`Activity-Label-Type, testing UI with or without label name and description Test result : Both name and description with label 1`] = `
<View
  style={
    Object {
      "justifyContent": "center",
      "margin": 16,
    }
  }
>
  <Text
    style={
      Object {
        "color": "#000000",
        "fontSize": 17,
        "fontWeight": "400",
        "lineHeight": 22,
        "textAlign": "left",
      }
    }
  >
    Some of the activities in this course make brief reference to the Site Administration menu on the left of the screen
  </Text>
</View>
`;

exports[`Activity-Label-Type, testing UI with or without label name and description Test result : only the description with label doesn't include name property with label 1`] = `
<View
  style={
    Object {
      "justifyContent": "center",
      "margin": 16,
    }
  }
>
  <Text
    style={
      Object {
        "color": "#000000",
        "fontSize": 17,
        "fontWeight": "400",
        "lineHeight": 22,
        "textAlign": "left",
      }
    }
  >
    Some of the activities in this course make brief reference to the Site Administration menu on the left of the screen
  </Text>
</View>
`;

exports[`Activity-Label-Type, testing UI with or without label name and description Test result : only the name with label doesn't include description property with label 1`] = `null`;
