// Jest Snapshot v1, https://goo.gl/fbAQLP

exports[`NoCurrentLearning, No current learning screen should launch when api return doesn't have courses Test result : take screen-shot when no current learning 1`] = `
<View
  style={
    Object {
      "alignItems": "center",
      "flex": 1,
      "justifyContent": "center",
      "padding": 24,
    }
  }
>
  <Image
    source={
      Object {
        "testUri": "../../../src/resources/images/no_current_learning/no_current_learning.png",
      }
    }
    style={
      Object {
        "height": 375,
        "paddingBottom": 48,
        "resizeMode": "contain",
        "width": 525,
      }
    }
  />
  <Text
    style={
      Array [
        Object {
          "color": "#000000",
          "fontSize": 34,
          "fontWeight": "700",
          "lineHeight": 41,
        },
        Object {
          "alignItems": "flex-start",
          "marginVertical": 48,
        },
      ]
    }
  >
    translated current_learning.no_learning_message with undefined
  </Text>
</View>
`;
