// Jest Snapshot v1, https://goo.gl/fbAQLP

exports[`IncompatibleApiModal it should not show any modal screens for valid apiVersion or disabled minApiVersion 1`] = `
<Modal
  animationType="fade"
  hardwareAccelerated={false}
  visible={true}
>
  <View
    style={
      Object {
        "backgroundColor": "rgba(0, 0, 0, 0.7)",
        "flex": 1,
      }
    }
  >
    <View>
      <View
        style={
          Array [
            Object {
              "alignItems": "center",
              "borderRadius": 4,
              "flex": 1,
              "flexDirection": "column",
              "justifyContent": "center",
              "marginHorizontal": 20,
              "marginLeft": "5%",
              "marginRight": "5%",
              "marginVertical": 32,
            },
            Object {
              "backgroundColor": "#FFFFFF",
            },
          ]
        }
      >
        <View
          style={
            Object {
              "alignItems": "center",
              "marginHorizontal": 32,
              "marginVertical": 16,
            }
          }
        >
          <Image
            source={
              Object {
                "testUri": "../../../src/resources/images/url_not_valid/url_not_valid.png",
              }
            }
            style={
              Object {
                "alignItems": "center",
                "height": 375,
                "resizeMode": "contain",
                "width": 525,
              }
            }
          />
        </View>
        <View
          style={
            Object {
              "alignItems": "center",
              "marginHorizontal": 32,
              "marginVertical": 16,
            }
          }
        >
          <View
            style={
              Object {
                "alignItems": "flex-start",
                "paddingBottom": 16,
              }
            }
          >
            <Text
              style={
                Array [
                  Object {
                    "textAlign": "center",
                  },
                  Object {
                    "color": "#3D444B",
                    "fontSize": 34,
                    "fontWeight": "700",
                  },
                ]
              }
            >
              translated incompatible_api.title with undefined
            </Text>
          </View>
          <View
            style={
              Object {
                "alignItems": "flex-start",
                "paddingBottom": 16,
              }
            }
          >
            <Text
              style={
                Array [
                  Object {
                    "textAlign": "center",
                  },
                  Object {
                    "color": "#3D444B",
                    "fontSize": 17,
                    "fontWeight": "normal",
                  },
                ]
              }
            >
              translated incompatible_api.description with undefined
            </Text>
          </View>
        </View>
        <View
          style={
            Object {
              "justifyContent": "space-between",
              "marginVertical": 16,
              "minHeight": 104,
            }
          }
        >
          <View
            accessibilityRole="button"
            accessibilityStates={Array []}
            accessible={true}
            focusable={true}
            isTVSelectable={true}
            onClick={[Function]}
            onResponderGrant={[Function]}
            onResponderMove={[Function]}
            onResponderRelease={[Function]}
            onResponderTerminate={[Function]}
            onResponderTerminationRequest={[Function]}
            onStartShouldSetResponder={[Function]}
            style={
              Object {
                "opacity": 1,
              }
            }
          >
            <View
              style={
                Array [
                  Object {},
                ]
              }
            >
              <Text
                style={
                  Array [
                    Object {
                      "color": "#007AFF",
                      "fontSize": 18,
                      "padding": 8,
                      "textAlign": "center",
                    },
                  ]
                }
              >
                this is a mock button
              </Text>
            </View>
          </View>
        </View>
      </View>
    </View>
  </View>
</Modal>
`;

exports[`IncompatibleApiModal it should not show any modal screens for valid apiVersion or disabled minApiVersion 2`] = `
<Modal
  animationType="fade"
  hardwareAccelerated={false}
  visible={true}
>
  <View
    style={
      Object {
        "backgroundColor": "rgba(0, 0, 0, 0.7)",
        "flex": 1,
      }
    }
  >
    <View>
      <View
        style={
          Array [
            Object {
              "alignItems": "center",
              "borderRadius": 4,
              "flex": 1,
              "flexDirection": "column",
              "justifyContent": "center",
              "marginHorizontal": 20,
              "marginLeft": "5%",
              "marginRight": "5%",
              "marginVertical": 32,
            },
            Object {
              "backgroundColor": "#FFFFFF",
            },
          ]
        }
      >
        <View
          style={
            Object {
              "alignItems": "center",
              "marginHorizontal": 32,
              "marginVertical": 16,
            }
          }
        >
          <Image
            source={
              Object {
                "testUri": "../../../src/resources/images/url_not_valid/url_not_valid.png",
              }
            }
            style={
              Object {
                "alignItems": "center",
                "height": 375,
                "resizeMode": "contain",
                "width": 525,
              }
            }
          />
        </View>
        <View
          style={
            Object {
              "alignItems": "center",
              "marginHorizontal": 32,
              "marginVertical": 16,
            }
          }
        >
          <View
            style={
              Object {
                "alignItems": "flex-start",
                "paddingBottom": 16,
              }
            }
          >
            <Text
              style={
                Array [
                  Object {
                    "textAlign": "center",
                  },
                  Object {
                    "color": "#3D444B",
                    "fontSize": 34,
                    "fontWeight": "700",
                  },
                ]
              }
            >
              translated incompatible_api.title with undefined
            </Text>
          </View>
          <View
            style={
              Object {
                "alignItems": "flex-start",
                "paddingBottom": 16,
              }
            }
          >
            <Text
              style={
                Array [
                  Object {
                    "textAlign": "center",
                  },
                  Object {
                    "color": "#3D444B",
                    "fontSize": 17,
                    "fontWeight": "normal",
                  },
                ]
              }
            >
              translated incompatible_api.description with undefined
            </Text>
          </View>
        </View>
        <View
          style={
            Object {
              "justifyContent": "space-between",
              "marginVertical": 16,
              "minHeight": 104,
            }
          }
        >
          <View
            accessibilityRole="button"
            accessibilityStates={Array []}
            accessible={true}
            focusable={true}
            isTVSelectable={true}
            onClick={[Function]}
            onResponderGrant={[Function]}
            onResponderMove={[Function]}
            onResponderRelease={[Function]}
            onResponderTerminate={[Function]}
            onResponderTerminationRequest={[Function]}
            onStartShouldSetResponder={[Function]}
            style={
              Object {
                "opacity": 1,
              }
            }
          >
            <View
              style={
                Array [
                  Object {},
                ]
              }
            >
              <Text
                style={
                  Array [
                    Object {
                      "color": "#007AFF",
                      "fontSize": 18,
                      "padding": 8,
                      "textAlign": "center",
                    },
                  ]
                }
              >
                this is a mock button
              </Text>
            </View>
          </View>
        </View>
      </View>
    </View>
  </View>
</Modal>
`;

exports[`IncompatibleApiModal it should not show any modal screens for valid apiVersion or disabled minApiVersion 3`] = `
<Modal
  animationType="fade"
  hardwareAccelerated={false}
  visible={true}
>
  <View
    style={
      Object {
        "backgroundColor": "rgba(0, 0, 0, 0.7)",
        "flex": 1,
      }
    }
  >
    <View>
      <View
        style={
          Array [
            Object {
              "alignItems": "center",
              "borderRadius": 4,
              "flex": 1,
              "flexDirection": "column",
              "justifyContent": "center",
              "marginHorizontal": 20,
              "marginLeft": "5%",
              "marginRight": "5%",
              "marginVertical": 32,
            },
            Object {
              "backgroundColor": "#FFFFFF",
            },
          ]
        }
      >
        <View
          style={
            Object {
              "alignItems": "center",
              "marginHorizontal": 32,
              "marginVertical": 16,
            }
          }
        >
          <Image
            source={
              Object {
                "testUri": "../../../src/resources/images/url_not_valid/url_not_valid.png",
              }
            }
            style={
              Object {
                "alignItems": "center",
                "height": 375,
                "resizeMode": "contain",
                "width": 525,
              }
            }
          />
        </View>
        <View
          style={
            Object {
              "alignItems": "center",
              "marginHorizontal": 32,
              "marginVertical": 16,
            }
          }
        >
          <View
            style={
              Object {
                "alignItems": "flex-start",
                "paddingBottom": 16,
              }
            }
          >
            <Text
              style={
                Array [
                  Object {
                    "textAlign": "center",
                  },
                  Object {
                    "color": "#3D444B",
                    "fontSize": 34,
                    "fontWeight": "700",
                  },
                ]
              }
            >
              translated incompatible_api.title with undefined
            </Text>
          </View>
          <View
            style={
              Object {
                "alignItems": "flex-start",
                "paddingBottom": 16,
              }
            }
          >
            <Text
              style={
                Array [
                  Object {
                    "textAlign": "center",
                  },
                  Object {
                    "color": "#3D444B",
                    "fontSize": 17,
                    "fontWeight": "normal",
                  },
                ]
              }
            >
              translated incompatible_api.description with undefined
            </Text>
          </View>
        </View>
        <View
          style={
            Object {
              "justifyContent": "space-between",
              "marginVertical": 16,
              "minHeight": 104,
            }
          }
        >
          <View
            accessibilityRole="button"
            accessibilityStates={Array []}
            accessible={true}
            focusable={true}
            isTVSelectable={true}
            onClick={[Function]}
            onResponderGrant={[Function]}
            onResponderMove={[Function]}
            onResponderRelease={[Function]}
            onResponderTerminate={[Function]}
            onResponderTerminationRequest={[Function]}
            onStartShouldSetResponder={[Function]}
            style={
              Object {
                "opacity": 1,
              }
            }
          >
            <View
              style={
                Array [
                  Object {},
                ]
              }
            >
              <Text
                style={
                  Array [
                    Object {
                      "color": "#007AFF",
                      "fontSize": 18,
                      "padding": 8,
                      "textAlign": "center",
                    },
                  ]
                }
              >
                this is a mock button
              </Text>
            </View>
          </View>
        </View>
      </View>
    </View>
  </View>
</Modal>
`;

exports[`IncompatibleApiModal it should show error modal screens for incompatible version 1`] = `
<Modal
  animationType="fade"
  hardwareAccelerated={false}
  visible={true}
>
  <View
    style={
      Object {
        "backgroundColor": "rgba(0, 0, 0, 0.7)",
        "flex": 1,
      }
    }
  >
    <View>
      <View
        style={
          Array [
            Object {
              "alignItems": "center",
              "borderRadius": 4,
              "flex": 1,
              "flexDirection": "column",
              "justifyContent": "center",
              "marginHorizontal": 20,
              "marginLeft": "5%",
              "marginRight": "5%",
              "marginVertical": 32,
            },
            Object {
              "backgroundColor": "#FFFFFF",
            },
          ]
        }
      >
        <View
          style={
            Object {
              "alignItems": "center",
              "marginHorizontal": 32,
              "marginVertical": 16,
            }
          }
        >
          <Image
            source={
              Object {
                "testUri": "../../../src/resources/images/url_not_valid/url_not_valid.png",
              }
            }
            style={
              Object {
                "alignItems": "center",
                "height": 375,
                "resizeMode": "contain",
                "width": 525,
              }
            }
          />
        </View>
        <View
          style={
            Object {
              "alignItems": "center",
              "marginHorizontal": 32,
              "marginVertical": 16,
            }
          }
        >
          <View
            style={
              Object {
                "alignItems": "flex-start",
                "paddingBottom": 16,
              }
            }
          >
            <Text
              style={
                Array [
                  Object {
                    "textAlign": "center",
                  },
                  Object {
                    "color": "#3D444B",
                    "fontSize": 34,
                    "fontWeight": "700",
                  },
                ]
              }
            >
              translated incompatible_api.title with undefined
            </Text>
          </View>
          <View
            style={
              Object {
                "alignItems": "flex-start",
                "paddingBottom": 16,
              }
            }
          >
            <Text
              style={
                Array [
                  Object {
                    "textAlign": "center",
                  },
                  Object {
                    "color": "#3D444B",
                    "fontSize": 17,
                    "fontWeight": "normal",
                  },
                ]
              }
            >
              translated incompatible_api.description with undefined
            </Text>
          </View>
        </View>
        <View
          style={
            Object {
              "justifyContent": "space-between",
              "marginVertical": 16,
              "minHeight": 104,
            }
          }
        >
          <View
            accessibilityRole="button"
            accessibilityStates={Array []}
            accessible={true}
            focusable={true}
            isTVSelectable={true}
            onClick={[Function]}
            onResponderGrant={[Function]}
            onResponderMove={[Function]}
            onResponderRelease={[Function]}
            onResponderTerminate={[Function]}
            onResponderTerminationRequest={[Function]}
            onStartShouldSetResponder={[Function]}
            style={
              Object {
                "opacity": 1,
              }
            }
          >
            <View
              style={
                Array [
                  Object {},
                ]
              }
            >
              <Text
                style={
                  Array [
                    Object {
                      "color": "#007AFF",
                      "fontSize": 18,
                      "padding": 8,
                      "textAlign": "center",
                    },
                  ]
                }
              >
                this is a mock button
              </Text>
            </View>
          </View>
        </View>
      </View>
    </View>
  </View>
</Modal>
`;
